******************************************************************************
                  TI ARM Linker PC v20.2.1                     
******************************************************************************
>> Linked Sun Jun  7 01:33:37 2020

OUTPUT FILE NAME:   <HotelRoom.out>
ENTRY POINT SYMBOL: "_c_int00_noargs"  address: 00002f91


MEMORY CONFIGURATION

         name            origin    length      used     unused   attr    fill
----------------------  --------  ---------  --------  --------  ----  --------
  FLASH                 00000000   00040000  00003688  0003c978  R  X
  SRAM                  20000000   00008000  00000477  00007b89  RW X


SEGMENT ALLOCATION MAP

run origin  load origin   length   init length attrs members
----------  ----------- ---------- ----------- ----- -------
00000000    00000000    00003688   00003688    r-x
  00000000    00000000    0000026c   0000026c    r-- .intvecs
  0000026c    0000026c    00002dc4   00002dc4    r-x .text
  00003030    00003030    00000618   00000618    r-- .const
  00003648    00003648    00000040   00000040    r-- .cinit
20000000    20000000    0000047b   00000000    rw-
  20000000    20000000    0000026c   00000000    rw- .vtable
  20000270    20000270    00000200   00000000    rw- .stack
  20000470    20000470    00000006   00000000    rw- .data
  20000476    20000476    00000005   00000000    rw- .bss


SECTION ALLOCATION MAP

 output                                  attributes/
section   page    origin      length       input sections
--------  ----  ----------  ----------   ----------------
.intvecs   0    00000000    0000026c     
                  00000000    0000026c     tm4c1230h6pm_startup_ccs.obj (.intvecs)

.text      0    0000026c    00002dc4     
                  0000026c    00000f80     sysctl.obj (.text)
                  000011ec    00000c14     gpio.obj (.text)
                  00001e00    0000062e     uart.obj (.text)
                  0000242e    00000002     --HOLE-- [fill = 0]
                  00002430    00000618     main.obj (.text)
                  00002a48    000003c0     interrupt.obj (.text)
                  00002e08    0000009c     rtsv7M4_T_le_v4SPD16_eabi.lib : memcpy_t2.asm.obj (.text)
                  00002ea4    00000068                                   : copy_decompress_lzss.c.obj (.text:decompress:lzss:__TI_decompress_lzss)
                  00002f0c    00000044                                   : autoinit.c.obj (.text:__TI_auto_init_nobinit_nopinit:__TI_auto_init_nobinit_nopinit)
                  00002f50    0000003e     cpu.obj (.text)
                  00002f8e    00000002     --HOLE-- [fill = 0]
                  00002f90    00000034     rtsv7M4_T_le_v4SPD16_eabi.lib : boot_cortex_m.c.obj (.text:_c_int00_noargs:_c_int00_noargs)
                  00002fc4    0000001c                                   : copy_zero_init.c.obj (.text:decompress:ZI:__TI_zero_init_nomemset:__TI_zero_init_nomemset)
                  00002fe0    00000014                                   : strcpy.c.obj (.text:strcpy)
                  00002ff4    00000014                                   : strlen.c.obj (.text:strlen)
                  00003008    0000000e                                   : copy_decompress_none.c.obj (.text:decompress:none:__TI_decompress_none)
                  00003016    0000000c     tm4c1230h6pm_startup_ccs.obj (.text)
                  00003022    00000006     sysctl.obj (.text:SysCtlDelay)
                  00003028    00000004     rtsv7M4_T_le_v4SPD16_eabi.lib : pre_init.c.obj (.text:_system_pre_init)
                  0000302c    00000004                                   : exit.c.obj (.text:abort:abort)

.const     0    00003030    00000618     
                  00003030    000001b0     sysctl.obj (.const:g_pppui32XTALtoVCO)
                  000031e0    000000d8     gpio.obj (.const:g_ppui32GPIOIntMapSnowflake)
                  000032b8    000000c0     gpio.obj (.const:g_ppui32GPIOIntMapBlizzard)
                  00003378    0000009c     interrupt.obj (.const:g_pui32Regs)
                  00003414    00000090     gpio.obj (.const:g_pui32GPIOBaseAddrs)
                  000034a4    0000006c     sysctl.obj (.const:g_pui32Xtals)
                  00003510    00000040     uart.obj (.const:g_ppui32UARTIntMap)
                  00003550    00000040     uart.obj (.const:g_ppui32UARTIntMapSnowflake)
                  00003590    00000030     sysctl.obj (.const:g_sXTALtoMEMTIM)
                  000035c0    00000020     interrupt.obj (.const:g_pui32Priority)
                  000035e0    00000014     interrupt.obj (.const:g_pui32Dii16Regs)
                  000035f4    00000014     interrupt.obj (.const:g_pui32EnRegs)
                  00003608    00000014     interrupt.obj (.const:g_pui32PendRegs)
                  0000361c    00000014     interrupt.obj (.const:g_pui32UnpendRegs)
                  00003630    00000010     main.obj (.const:$P$T0$1)
                  00003640    00000008     sysctl.obj (.const:g_pui32VCOFrequencies)

.cinit     0    00003648    00000040     
                  00003648    0000000c     (__TI_handler_table)
                  00003654    00000004     --HOLE-- [fill = 0]
                  00003658    00000008     (.cinit..bss.load) [load image, compression = zero_init]
                  00003660    00000008     (.cinit..vtable.load) [load image, compression = zero_init]
                  00003668    00000007     (.cinit..data.load) [load image, compression = lzss]
                  0000366f    00000001     --HOLE-- [fill = 0]
                  00003670    00000018     (__TI_cinit_table)

.init_array 
*          0    00000000    00000000     UNINITIALIZED

.vtable    0    20000000    0000026c     UNINITIALIZED
                  20000000    0000026c     interrupt.obj (.vtable)

.data      0    20000470    00000006     UNINITIALIZED
                  20000470    00000006     main.obj (.data)

.bss       0    20000476    00000005     UNINITIALIZED
                  20000476    00000004     (.common:room_pwd)
                  2000047a    00000001     (.common:input)

.stack     0    20000270    00000200     UNINITIALIZED
                  20000270    00000004     rtsv7M4_T_le_v4SPD16_eabi.lib : boot_cortex_m.c.obj (.stack)
                  20000274    000001fc     --HOLE--

__llvm_prf_cnts 
*          0    20000000    00000000     UNINITIALIZED

MODULE SUMMARY

       Module                         code    ro data   rw data
       ------                         ----    -------   -------
    .\
       main.obj                       1560    16        11     
       tm4c1230h6pm_startup_ccs.obj   12      620       0      
    +--+------------------------------+-------+---------+---------+
       Total:                         1572    636       11     
                                                               
    .\driverlib\
       sysctl.obj                     3974    596       0      
       gpio.obj                       3092    552       0      
       interrupt.obj                  960     268       620    
       uart.obj                       1582    128       0      
       cpu.obj                        62      0         0      
    +--+------------------------------+-------+---------+---------+
       Total:                         9670    1544      620    
                                                               
    c:\ti\ccsv6\tools\compiler\ti-cgt-arm_20.2.1.LTS\lib\rtsv7M4_T_le_v4SPD16_eabi.lib
       memcpy_t2.asm.obj              156     0         0      
       copy_decompress_lzss.c.obj     104     0         0      
       autoinit.c.obj                 68      0         0      
       boot_cortex_m.c.obj            52      0         0      
       copy_zero_init.c.obj           28      0         0      
       strcpy.c.obj                   20      0         0      
       strlen.c.obj                   20      0         0      
       copy_decompress_none.c.obj     14      0         0      
       exit.c.obj                     4       0         0      
       pre_init.c.obj                 4       0         0      
    +--+------------------------------+-------+---------+---------+
       Total:                         470     0         0      
                                                               
       Stack:                         0       0         512    
       Linker Generated:              0       59        0      
    +--+------------------------------+-------+---------+---------+
       Grand Total:                   11712   2239      1143   


LINKER GENERATED COPY TABLES

__TI_cinit_table @ 00003670 records: 3, size/record: 8, table size: 24
	.bss: load addr=00003658, load size=00000008 bytes, run addr=20000476, run size=00000005 bytes, compression=zero_init
	.vtable: load addr=00003660, load size=00000008 bytes, run addr=20000000, run size=0000026c bytes, compression=zero_init
	.data: load addr=00003668, load size=00000007 bytes, run addr=20000470, run size=00000006 bytes, compression=lzss


LINKER GENERATED HANDLER TABLE

__TI_handler_table @ 00003648 records: 3, size/record: 4, table size: 12
	index: 0, handler: __TI_zero_init
	index: 1, handler: __TI_decompress_lzss
	index: 2, handler: __TI_decompress_none


GLOBAL SYMBOLS: SORTED ALPHABETICALLY BY Name 

address   name                            
-------   ----                            
0000302d  C$$EXIT                         
00002f85  CPUbasepriGet                   
00002f77  CPUbasepriSet                   
00002f51  CPUcpsid                        
00002f67  CPUcpsie                        
00002f5d  CPUprimask                      
00002f73  CPUwfi                          
00001db1  GPIOADCTriggerDisable           
00001d93  GPIOADCTriggerEnable            
00001d75  GPIODMATriggerDisable           
00001d57  GPIODMATriggerEnable            
000012a7  GPIODirModeGet                  
0000124b  GPIODirModeSet                  
00001861  GPIOIntClear                    
00001825  GPIOIntDisable                  
00001801  GPIOIntEnable                   
00001875  GPIOIntRegister                 
000018ad  GPIOIntRegisterPin              
0000183f  GPIOIntStatus                   
00001397  GPIOIntTypeGet                  
000012f3  GPIOIntTypeSet                  
00001893  GPIOIntUnregister               
000018db  GPIOIntUnregisterPin            
0000168f  GPIOPadConfigGet                
00001421  GPIOPadConfigSet                
00001cf9  GPIOPinConfigure                
000018ff  GPIOPinRead                     
00001937  GPIOPinTypeADC                  
0000195b  GPIOPinTypeCAN                  
0000197f  GPIOPinTypeComparator           
000019a3  GPIOPinTypeComparatorOutput     
000019c7  GPIOPinTypeDIVSCLK              
000019eb  GPIOPinTypeEPI                  
00001a0f  GPIOPinTypeEthernetLED          
00001a33  GPIOPinTypeEthernetMII          
00001a57  GPIOPinTypeGPIOInput            
00001a7b  GPIOPinTypeGPIOOutput           
00001aa5  GPIOPinTypeGPIOOutputOD         
00001ac9  GPIOPinTypeHibernateRTCCLK      
00001aed  GPIOPinTypeI2C                  
00001b11  GPIOPinTypeI2CSCL               
00001b35  GPIOPinTypeLCD                  
00001b59  GPIOPinTypeOneWire              
00001b7d  GPIOPinTypePWM                  
00001ba1  GPIOPinTypeQEI                  
00001bc5  GPIOPinTypeSSI                  
00001be9  GPIOPinTypeTimer                
00001c0d  GPIOPinTypeTrace                
00001c31  GPIOPinTypeUART                 
00001c55  GPIOPinTypeUSBAnalog            
00001c79  GPIOPinTypeUSBDigital           
00001c9d  GPIOPinTypeWakeHigh             
00001cc3  GPIOPinTypeWakeLow              
00001ce9  GPIOPinWakeStatus               
00001917  GPIOPinWrite                    
00001dcf  GPIOUnlockPin                   
00002c09  IntDisable                      
00002b97  IntEnable                       
00002c7b  IntIsEnabled                    
00002a5b  IntMasterDisable                
00002a4b  IntMasterEnable                 
00002d71  IntPendClear                    
00002d01  IntPendSet                      
00002b73  IntPriorityGet                  
00002aeb  IntPriorityGroupingGet          
00002ad1  IntPriorityGroupingSet          
00002dcb  IntPriorityMaskGet              
00002dbf  IntPriorityMaskSet              
00002b23  IntPrioritySet                  
00002a6b  IntRegister                     
00002dd3  IntTrigger                      
00002abd  IntUnregister                   
00003017  ResetISR                        
00002993  Solenoid_Init                   
000011a9  SysCtlAltClkConfig              
000008d1  SysCtlClockFreqSet              
00000d99  SysCtlClockGet                  
0000118d  SysCtlClockOutConfig            
00000bc9  SysCtlClockSet                  
000007d5  SysCtlDeepSleep                 
00000f5d  SysCtlDeepSleepClockConfigSet   
00000f3f  SysCtlDeepSleepClockSet         
000007b5  SysCtlDeepSleepPowerSet         
00003023  SysCtlDelay                     
00000363  SysCtlFlashSectorSizeGet        
00000337  SysCtlFlashSizeGet              
00001033  SysCtlGPIOAHBDisable            
00001017  SysCtlGPIOAHBEnable             
00000749  SysCtlIntClear                  
00000731  SysCtlIntDisable                
0000071d  SysCtlIntEnable                 
000006f5  SysCtlIntRegister               
00000759  SysCtlIntStatus                 
0000070d  SysCtlIntUnregister             
0000079b  SysCtlLDODeepSleepGet           
0000078b  SysCtlLDODeepSleepSet           
00000785  SysCtlLDOSleepGet               
00000775  SysCtlLDOSleepSet               
0000080b  SysCtlMOSCConfigSet             
00001171  SysCtlNMIClear                  
0000115d  SysCtlNMIStatus                 
00000821  SysCtlPIOSCCalibrate            
00001001  SysCtlPWMClockGet               
00000fe7  SysCtlPWMClockSet               
000006a1  SysCtlPeripheralClockGating     
00000659  SysCtlPeripheralDeepSleepDisable
00000609  SysCtlPeripheralDeepSleepEnable 
00000545  SysCtlPeripheralDisable         
00000509  SysCtlPeripheralEnable          
00000445  SysCtlPeripheralPowerOff        
00000409  SysCtlPeripheralPowerOn         
00000389  SysCtlPeripheralPresent         
000003c9  SysCtlPeripheralReady           
00000481  SysCtlPeripheralReset           
000005cd  SysCtlPeripheralSleepDisable    
00000589  SysCtlPeripheralSleepEnable     
000007c5  SysCtlReset                     
00000881  SysCtlResetBehaviorGet          
00000871  SysCtlResetBehaviorSet          
000007f7  SysCtlResetCauseClear           
000007f1  SysCtlResetCauseGet             
0000032d  SysCtlSRAMSizeGet               
000007cd  SysCtlSleep                     
000007a1  SysCtlSleepPowerSet             
0000105b  SysCtlUSBPLLDisable             
0000104f  SysCtlUSBPLLEnable              
000010a1  SysCtlVCOGet                    
00001089  SysCtlVoltageEventClear         
0000106d  SysCtlVoltageEventConfig        
0000107d  SysCtlVoltageEventStatus        
000023d1  UART9BitAddrSend                
000023ab  UART9BitAddrSet                 
00002395  UART9BitDisable                 
0000237f  UART9BitEnable                  
00002223  UARTBreakCtl                    
0000224d  UARTBusy                        
000021cb  UARTCharGet                     
000021af  UARTCharGetNonBlocking          
00002205  UARTCharPut                     
000021e1  UARTCharPutNonBlocking          
00002173  UARTCharsAvail                  
0000236f  UARTClockSourceGet              
0000235b  UARTClockSourceSet              
00001f43  UARTConfigGetExpClk             
00001ecd  UARTConfigSetExpClk             
00002321  UARTDMADisable                  
00002309  UARTDMAEnable                   
00001fb3  UARTDisable                     
00002037  UARTDisableSIR                  
00001f8f  UARTEnable                      
00002009  UARTEnableSIR                   
00001ff3  UARTFIFODisable                 
00001fdd  UARTFIFOEnable                  
00001ea5  UARTFIFOLevelGet                
00001e8d  UARTFIFOLevelSet                
00002133  UARTFlowControlGet              
00002117  UARTFlowControlSet              
000022f7  UARTIntClear                    
000022c1  UARTIntDisable                  
000022a9  UARTIntEnable                   
0000226b  UARTIntRegister                 
000022d9  UARTIntStatus                   
00002289  UARTIntUnregister               
00002419  UARTLoopbackEnable              
000020cd  UARTModemControlClear           
000020f1  UARTModemControlGet             
00002095  UARTModemControlSet             
00002103  UARTModemStatusGet              
00001e7b  UARTParityModeGet               
00001e5f  UARTParityModeSet               
0000234b  UARTRxErrorClear                
00002339  UARTRxErrorGet                  
00002a0d  UARTSend                        
0000207f  UARTSmartCardDisable            
0000204d  UARTSmartCardEnable             
00002191  UARTSpaceAvail                  
00002161  UARTTxIntModeGet                
00002145  UARTTxIntModeSet                
20000470  __STACK_END                     
00000200  __STACK_SIZE                    
20000470  __STACK_TOP                     
00003670  __TI_CINIT_Base                 
00003688  __TI_CINIT_Limit                
00003648  __TI_Handler_Table_Base         
00003654  __TI_Handler_Table_Limit        
00002f0d  __TI_auto_init_nobinit_nopinit  
00002ea5  __TI_decompress_lzss            
00003009  __TI_decompress_none            
ffffffff  __TI_pprof_out_hndl             
ffffffff  __TI_prof_data_size             
ffffffff  __TI_prof_data_start            
00000000  __TI_static_base__              
00002fc5  __TI_zero_init_nomemset         
00002e09  __aeabi_memcpy                  
00002e09  __aeabi_memcpy4                 
00002e09  __aeabi_memcpy8                 
ffffffff  __binit__                       
ffffffff  __c_args__                      
UNDEFED   __mpu_init                      
20000270  __stack                         
20000000  __start___llvm_prf_cnts         
20000000  __stop___llvm_prf_cnts          
00002f91  _c_int00_noargs                 
UNDEFED   _system_post_cinit              
00003029  _system_pre_init                
0000302d  abort                           
ffffffff  binit                           
00002987  close_door                      
000029c9  compareArray                    
00002897  delayMs                         
00002931  delayUs                         
20000000  g_pfnRAMVectors                 
00000000  g_pfnVectors                    
0000273d  get_key                         
20000471  i                               
2000047a  input                           
20000472  j                               
20000475  k                               
00002681  keypad_init                     
0000283f  keypad_kbhit                    
00002431  main                            
00002e09  memcpy                          
00002973  open_door                       
20000470  room_input                      
20000476  room_pwd                        
00002fe1  strcpy                          
00002ff5  strlen                          
20000473  x                               
20000474  y                               


GLOBAL SYMBOLS: SORTED BY Symbol Address 

address   name                            
-------   ----                            
00000000  __TI_static_base__              
00000000  g_pfnVectors                    
00000200  __STACK_SIZE                    
0000032d  SysCtlSRAMSizeGet               
00000337  SysCtlFlashSizeGet              
00000363  SysCtlFlashSectorSizeGet        
00000389  SysCtlPeripheralPresent         
000003c9  SysCtlPeripheralReady           
00000409  SysCtlPeripheralPowerOn         
00000445  SysCtlPeripheralPowerOff        
00000481  SysCtlPeripheralReset           
00000509  SysCtlPeripheralEnable          
00000545  SysCtlPeripheralDisable         
00000589  SysCtlPeripheralSleepEnable     
000005cd  SysCtlPeripheralSleepDisable    
00000609  SysCtlPeripheralDeepSleepEnable 
00000659  SysCtlPeripheralDeepSleepDisable
000006a1  SysCtlPeripheralClockGating     
000006f5  SysCtlIntRegister               
0000070d  SysCtlIntUnregister             
0000071d  SysCtlIntEnable                 
00000731  SysCtlIntDisable                
00000749  SysCtlIntClear                  
00000759  SysCtlIntStatus                 
00000775  SysCtlLDOSleepSet               
00000785  SysCtlLDOSleepGet               
0000078b  SysCtlLDODeepSleepSet           
0000079b  SysCtlLDODeepSleepGet           
000007a1  SysCtlSleepPowerSet             
000007b5  SysCtlDeepSleepPowerSet         
000007c5  SysCtlReset                     
000007cd  SysCtlSleep                     
000007d5  SysCtlDeepSleep                 
000007f1  SysCtlResetCauseGet             
000007f7  SysCtlResetCauseClear           
0000080b  SysCtlMOSCConfigSet             
00000821  SysCtlPIOSCCalibrate            
00000871  SysCtlResetBehaviorSet          
00000881  SysCtlResetBehaviorGet          
000008d1  SysCtlClockFreqSet              
00000bc9  SysCtlClockSet                  
00000d99  SysCtlClockGet                  
00000f3f  SysCtlDeepSleepClockSet         
00000f5d  SysCtlDeepSleepClockConfigSet   
00000fe7  SysCtlPWMClockSet               
00001001  SysCtlPWMClockGet               
00001017  SysCtlGPIOAHBEnable             
00001033  SysCtlGPIOAHBDisable            
0000104f  SysCtlUSBPLLEnable              
0000105b  SysCtlUSBPLLDisable             
0000106d  SysCtlVoltageEventConfig        
0000107d  SysCtlVoltageEventStatus        
00001089  SysCtlVoltageEventClear         
000010a1  SysCtlVCOGet                    
0000115d  SysCtlNMIStatus                 
00001171  SysCtlNMIClear                  
0000118d  SysCtlClockOutConfig            
000011a9  SysCtlAltClkConfig              
0000124b  GPIODirModeSet                  
000012a7  GPIODirModeGet                  
000012f3  GPIOIntTypeSet                  
00001397  GPIOIntTypeGet                  
00001421  GPIOPadConfigSet                
0000168f  GPIOPadConfigGet                
00001801  GPIOIntEnable                   
00001825  GPIOIntDisable                  
0000183f  GPIOIntStatus                   
00001861  GPIOIntClear                    
00001875  GPIOIntRegister                 
00001893  GPIOIntUnregister               
000018ad  GPIOIntRegisterPin              
000018db  GPIOIntUnregisterPin            
000018ff  GPIOPinRead                     
00001917  GPIOPinWrite                    
00001937  GPIOPinTypeADC                  
0000195b  GPIOPinTypeCAN                  
0000197f  GPIOPinTypeComparator           
000019a3  GPIOPinTypeComparatorOutput     
000019c7  GPIOPinTypeDIVSCLK              
000019eb  GPIOPinTypeEPI                  
00001a0f  GPIOPinTypeEthernetLED          
00001a33  GPIOPinTypeEthernetMII          
00001a57  GPIOPinTypeGPIOInput            
00001a7b  GPIOPinTypeGPIOOutput           
00001aa5  GPIOPinTypeGPIOOutputOD         
00001ac9  GPIOPinTypeHibernateRTCCLK      
00001aed  GPIOPinTypeI2C                  
00001b11  GPIOPinTypeI2CSCL               
00001b35  GPIOPinTypeLCD                  
00001b59  GPIOPinTypeOneWire              
00001b7d  GPIOPinTypePWM                  
00001ba1  GPIOPinTypeQEI                  
00001bc5  GPIOPinTypeSSI                  
00001be9  GPIOPinTypeTimer                
00001c0d  GPIOPinTypeTrace                
00001c31  GPIOPinTypeUART                 
00001c55  GPIOPinTypeUSBAnalog            
00001c79  GPIOPinTypeUSBDigital           
00001c9d  GPIOPinTypeWakeHigh             
00001cc3  GPIOPinTypeWakeLow              
00001ce9  GPIOPinWakeStatus               
00001cf9  GPIOPinConfigure                
00001d57  GPIODMATriggerEnable            
00001d75  GPIODMATriggerDisable           
00001d93  GPIOADCTriggerEnable            
00001db1  GPIOADCTriggerDisable           
00001dcf  GPIOUnlockPin                   
00001e5f  UARTParityModeSet               
00001e7b  UARTParityModeGet               
00001e8d  UARTFIFOLevelSet                
00001ea5  UARTFIFOLevelGet                
00001ecd  UARTConfigSetExpClk             
00001f43  UARTConfigGetExpClk             
00001f8f  UARTEnable                      
00001fb3  UARTDisable                     
00001fdd  UARTFIFOEnable                  
00001ff3  UARTFIFODisable                 
00002009  UARTEnableSIR                   
00002037  UARTDisableSIR                  
0000204d  UARTSmartCardEnable             
0000207f  UARTSmartCardDisable            
00002095  UARTModemControlSet             
000020cd  UARTModemControlClear           
000020f1  UARTModemControlGet             
00002103  UARTModemStatusGet              
00002117  UARTFlowControlSet              
00002133  UARTFlowControlGet              
00002145  UARTTxIntModeSet                
00002161  UARTTxIntModeGet                
00002173  UARTCharsAvail                  
00002191  UARTSpaceAvail                  
000021af  UARTCharGetNonBlocking          
000021cb  UARTCharGet                     
000021e1  UARTCharPutNonBlocking          
00002205  UARTCharPut                     
00002223  UARTBreakCtl                    
0000224d  UARTBusy                        
0000226b  UARTIntRegister                 
00002289  UARTIntUnregister               
000022a9  UARTIntEnable                   
000022c1  UARTIntDisable                  
000022d9  UARTIntStatus                   
000022f7  UARTIntClear                    
00002309  UARTDMAEnable                   
00002321  UARTDMADisable                  
00002339  UARTRxErrorGet                  
0000234b  UARTRxErrorClear                
0000235b  UARTClockSourceSet              
0000236f  UARTClockSourceGet              
0000237f  UART9BitEnable                  
00002395  UART9BitDisable                 
000023ab  UART9BitAddrSet                 
000023d1  UART9BitAddrSend                
00002419  UARTLoopbackEnable              
00002431  main                            
00002681  keypad_init                     
0000273d  get_key                         
0000283f  keypad_kbhit                    
00002897  delayMs                         
00002931  delayUs                         
00002973  open_door                       
00002987  close_door                      
00002993  Solenoid_Init                   
000029c9  compareArray                    
00002a0d  UARTSend                        
00002a4b  IntMasterEnable                 
00002a5b  IntMasterDisable                
00002a6b  IntRegister                     
00002abd  IntUnregister                   
00002ad1  IntPriorityGroupingSet          
00002aeb  IntPriorityGroupingGet          
00002b23  IntPrioritySet                  
00002b73  IntPriorityGet                  
00002b97  IntEnable                       
00002c09  IntDisable                      
00002c7b  IntIsEnabled                    
00002d01  IntPendSet                      
00002d71  IntPendClear                    
00002dbf  IntPriorityMaskSet              
00002dcb  IntPriorityMaskGet              
00002dd3  IntTrigger                      
00002e09  __aeabi_memcpy                  
00002e09  __aeabi_memcpy4                 
00002e09  __aeabi_memcpy8                 
00002e09  memcpy                          
00002ea5  __TI_decompress_lzss            
00002f0d  __TI_auto_init_nobinit_nopinit  
00002f51  CPUcpsid                        
00002f5d  CPUprimask                      
00002f67  CPUcpsie                        
00002f73  CPUwfi                          
00002f77  CPUbasepriSet                   
00002f85  CPUbasepriGet                   
00002f91  _c_int00_noargs                 
00002fc5  __TI_zero_init_nomemset         
00002fe1  strcpy                          
00002ff5  strlen                          
00003009  __TI_decompress_none            
00003017  ResetISR                        
00003023  SysCtlDelay                     
00003029  _system_pre_init                
0000302d  C$$EXIT                         
0000302d  abort                           
00003648  __TI_Handler_Table_Base         
00003654  __TI_Handler_Table_Limit        
00003670  __TI_CINIT_Base                 
00003688  __TI_CINIT_Limit                
20000000  __start___llvm_prf_cnts         
20000000  __stop___llvm_prf_cnts          
20000000  g_pfnRAMVectors                 
20000270  __stack                         
20000470  __STACK_END                     
20000470  __STACK_TOP                     
20000470  room_input                      
20000471  i                               
20000472  j                               
20000473  x                               
20000474  y                               
20000475  k                               
20000476  room_pwd                        
2000047a  input                           
ffffffff  __TI_pprof_out_hndl             
ffffffff  __TI_prof_data_size             
ffffffff  __TI_prof_data_start            
ffffffff  __binit__                       
ffffffff  __c_args__                      
ffffffff  binit                           
UNDEFED   __mpu_init                      
UNDEFED   _system_post_cinit              

[229 symbols]
